[www.aneta.so/index.html]
[backblue.gif]
[fade.gif]
[index.html]
[framerusercontent.com/images/5PuqduNTmZKl522RkTc3BJNUKrw.png]
[framerusercontent.com/images/0SK3XHrSL7ad25nQT8Zss7f98Bk.png]
[framerusercontent.com/images/XNihpzlM5AMXKID7VcQO7d8QB9A.png]
[framerusercontent.com/images/RcvCNT4xte4Wv2dcCVzv0ZlKg.png]
[framerusercontent.com/images/dH0BKZj6c9d0QF6Iz3Ches4DGI.png]
[framerusercontent.com/images/XTKO9zlwpFvWmVA4xEh8CXk6H6I.png]
[framerusercontent.com/images/uCxMjWrRMlwSLaInSyNb2SHK9rI.png]
[framerusercontent.com/images/DlBRejzIxfXiQe15HoZ0B60mUVg.png]
[framerusercontent.com/images/qFYnXDpBLhCfQVqT93eyiuJlfi0.png]
[framerusercontent.com/images/537Co5IYzsv8NUpnfMdceXX4Nw.png]
[framerusercontent.com/images/uK1WhuLUw4YwaAgZuthUR4kJxSY.png]
[framerusercontent.com/images/WU6ZfGmfcV3H6SJgq0xZHBVXJo.png]
[framerusercontent.com/images/BGn5BhgoKhWk8VyzKWr6oLkMJo.png]
[framerusercontent.com/images/GNcuHlKUdVfTJ4OYp1XDfRgK4.png]
[framerusercontent.com/images/k6oMevnFhKTUkBTY1GWIZJljDQ.png]
[framerusercontent.com/images/U71QI96Oprt68oyIh1QFgf5vMX4.png]
[framerusercontent.com/images/IarrZ91kaDOjQZQczzg1TtfgOM.png]
[framerusercontent.com/images/gnQhCdadahv7q2DOJQTb53A.png]
[framerusercontent.com/images/vnJAiyKke0ukvDdtuj8A9PaUjis.png]
[framerusercontent.com/images/KwQAOvZEvbvPwzAHtukwORAo.png]
[framerusercontent.com/images/A8UqQZBijV7ew0RQnGK2zgAVlU.png]
[framerusercontent.com/images/LPFlCdxDCxztEpvSvZzpQdGgreg.png]
[framerusercontent.com/images/dy7U5i4fc0dfqMX8vHrrNgzAlMs.png]
[framerusercontent.com/images/G69f5jd9JtetMpUa7WWiuyzwJss.png]
[www.aneta.so/index.html]
[www.aneta.so/[object Object].html]
